###############################################################################
#
# IAR ELF Linker V3.11.1.207 for STM8                     12/Dec/2023  12:53:18
# Copyright 2010-2019 IAR Systems AB.
#
#    Output file  =  
#        E:\Sources\GitHub projects\self-routing-ADC\oin v2\Debug\Exe\oin.out
#    Map file     =  
#        E:\Sources\GitHub projects\self-routing-ADC\oin v2\Debug\List\oin.map
#    Command line =  
#        -f C:\Users\ilyaa\AppData\Local\Temp\EWED29.tmp ("E:\Sources\GitHub
#        projects\self-routing-ADC\oin v2\Debug\Obj\main.o" --redirect
#        _Printf=_PrintfFullNoMb --redirect _Scanf=_ScanfFullNoMb
#        --no_out_extension -o "E:\Sources\GitHub projects\self-routing-ADC\oin
#        v2\Debug\Exe\oin.out" --map "E:\Sources\GitHub
#        projects\self-routing-ADC\oin v2\Debug\List\oin.map" --config
#        "E:\apps\IAR EW\stm8\config\lnkstm8s003f3.icf" --config_def
#        _CSTACK_SIZE=0x100 --config_def _HEAP_SIZE=0x100 --entry
#        __iar_program_start --debug_lib)
#
###############################################################################

*******************************************************************************
*** RUNTIME MODEL ATTRIBUTES
***

__SystemLibrary            = DLib
__code_model               = small
__core                     = stm8
__data_model               = medium
__dlib_file_descriptor     = 0
__dlib_full_locale_support = 0
__rt_version               = 4


*******************************************************************************
*** PLACEMENT SUMMARY
***

"A0":  place at start of [0x000000-0x0000ff] { rw section .vregs };
"A1":  place at end of [0x000000-0x0003ff] { block CSTACK };
"P2":  place in [from 0x000000 to 0x0003ff] {
          block HEAP, rw section __DLIB_PERTHREAD, rw section .far.bss,
          rw section .far.data, rw section .far.noinit,
          rw section .far_func.textrw, rw section .huge.bss,
          rw section .huge.data, rw section .huge.noinit,
          rw section .huge_func.textrw, rw section .iar.dynexit,
          rw section .near.bss, rw section .near.data, rw section .near.noinit,
          rw section .near_func.textrw };
"A2":  place at start of [0x008000-0x009fff] { block INTVEC };
"P3":  place in [from 0x008000 to 0x009fff] {
          ro section __DLIB_PERTHREAD_init, ro section .far.data_init,
          ro section .far_func.textrw_init, ro section .huge.data_init,
          ro section .huge_func.textrw_init, ro section .iar.init_table,
          ro section .init_array, ro section .near.data_init,
          ro section .near.rodata, ro section .near_func.text,
          ro section .near_func.textrw_init, ro section .tiny.data_init,
          ro section .tiny.rodata_init };
"P4":  place in [from 0x008000 to 0x009fff] {
          ro section .far.rodata, ro section .far_func.text };
"P5":  place in [from 0x008000 to 0x009fff] {
          ro section .huge.rodata, ro section .huge_func.text };
do not initialize {
   rw section .eeprom.noinit, rw section .far.noinit, rw section .huge.noinit,
   rw section .near.noinit, rw section .tiny.noinit, rw section .vregs };
initialize by copy {
   rw section .far.bss, rw section .far.data, rw section .far_func.textrw,
   rw section .huge.bss, rw section .huge.data, rw section .huge_func.textrw,
   rw section .iar.dynexit, rw section .near.bss, rw section .near.data,
   rw section .near_func.textrw, rw section .tiny.bss, rw section .tiny.data,
   ro section .tiny.rodata };

No sections matched the following patterns:

  ro section .far.data_init          in "P3-P5"
  ro section .far.rodata             in "P3-P5"
  ro section .far_func.text          in "P3-P5"
  ro section .far_func.textrw_init   in "P3-P5"
  ro section .huge.data_init         in "P3-P5"
  ro section .huge.rodata            in "P3-P5"
  ro section .huge_func.text         in "P3-P5"
  ro section .huge_func.textrw_init  in "P3-P5"
  ro section .iar.init_table         in "P3-P5"
  ro section .init_array             in "P3-P5"
  ro section .near.rodata            in "P3-P5"
  ro section .near_func.textrw_init  in "P3-P5"
  ro section .tiny.data_init         in "P3-P5"
  ro section .tiny.rodata_init       in "P3-P5"
  ro section __DLIB_PERTHREAD_init   in "P3-P5"
  rw section .far.bss                in "P2"
  rw section .far.data               in "P2"
  rw section .far.noinit             in "P2"
  rw section .far_func.textrw        in "P2"
  rw section .huge.bss               in "P2"
  rw section .huge.data              in "P2"
  rw section .huge.noinit            in "P2"
  rw section .huge_func.textrw       in "P2"
  rw section .iar.dynexit            in "P2"
  rw section .near.noinit            in "P2"
  rw section .near_func.textrw       in "P2"
  rw section .tiny.bss               in "P1"
  rw section .tiny.data              in "P1"
  rw section .tiny.noinit            in "P1"
  rw section .tiny.rodata            in "P1"
  rw section __DLIB_PERTHREAD        in "P2"
  section .eeprom.data               in "P6-P8"
  section .eeprom.noinit             in "P6-P8"
  section .eeprom.rodata             in "P6-P8"


  Section            Kind      Address   Size  Object
  -------            ----      -------   ----  ------
"A0":                                     0xc
  .vregs             uninit   0x000000    0xc  vregs.o [4]
                            - 0x00000c    0xc

"P2":                                     0x7
  P2-1                        0x00000c    0x7  <Init block>
    .near.data       inited   0x00000c    0x1  main.o [1]
    .near.data       inited   0x00000d    0x4  main.o [1]
    .near.bss        inited   0x000011    0x1  main.o [1]
    .near.bss        inited   0x000012    0x1  main.o [1]
                            - 0x000013    0x7

"A1":                                   0x100
  CSTACK                      0x000300  0x100  <Block>
    CSTACK           uninit   0x000300  0x100  <Block tail>
                            - 0x000400  0x100

Absolute sections, part 1 of 8:           0x1
  .near.noinit       uninit   0x005000    0x1  main.o [1]
                            - 0x005001    0x1

Absolute sections, part 2 of 8:           0x4
  .near.noinit       uninit   0x005002    0x1  main.o [1]
  .near.noinit       uninit   0x005003    0x1  main.o [1]
  .near.noinit       uninit   0x005004    0x1  main.o [1]
  .near.noinit       uninit   0x005005    0x1  main.o [1]
                            - 0x005006    0x4

Absolute sections, part 3 of 8:           0x4
  .near.noinit       uninit   0x005007    0x1  main.o [1]
  .near.noinit       uninit   0x005008    0x1  main.o [1]
  .near.noinit       uninit   0x005009    0x1  main.o [1]
  .near.noinit       uninit   0x00500a    0x1  main.o [1]
                            - 0x00500b    0x4

Absolute sections, part 4 of 8:           0x4
  .near.noinit       uninit   0x00500c    0x1  main.o [1]
  .near.noinit       uninit   0x00500d    0x1  main.o [1]
  .near.noinit       uninit   0x00500e    0x1  main.o [1]
  .near.noinit       uninit   0x00500f    0x1  main.o [1]
                            - 0x005010    0x4

Absolute sections, part 5 of 8:           0x3
  .near.noinit       uninit   0x005011    0x1  main.o [1]
  .near.noinit       uninit   0x005012    0x1  main.o [1]
  .near.noinit       uninit   0x005013    0x1  main.o [1]
                            - 0x005014    0x3

Absolute sections, part 6 of 8:           0x2
  .near.noinit       uninit   0x0050c6    0x1  main.o [1]
  .near.noinit       uninit   0x0050c7    0x1  main.o [1]
                            - 0x0050c8    0x2

Absolute sections, part 7 of 8:           0x1
  .near.noinit       uninit   0x0050ca    0x1  main.o [1]
                            - 0x0050cb    0x1

Absolute sections, part 8 of 8:           0x6
  .near.noinit       uninit   0x005230    0x1  main.o [1]
  .near.noinit       uninit   0x005231    0x1  main.o [1]
  .near.noinit       uninit   0x005232    0x1  main.o [1]
  .near.noinit       uninit   0x005233    0x1  main.o [1]
  .near.noinit       uninit   0x005234    0x1  main.o [1]
  .near.noinit       uninit   0x005235    0x1  main.o [1]
                            - 0x005236    0x6

"A2":                                    0x80
  INTVEC                      0x008000   0x80  <Block>
    .intvec          const    0x008000   0x80  interrupt.o [4]
                            - 0x008080   0x80

"P3-P5":                                0x37c
  .near_func.text    ro code  0x008080   0xf8  main.o [1]
  .near_func.text    ro code  0x008178   0xb1  main.o [1]
  .near_func.text    ro code  0x008229   0x8c  main.o [1]
  .near_func.text    ro code  0x0082b5   0x45  vreg_util.o [4]
  .near_func.text    ro code  0x0082fa   0x28  init_small.o [4]
  .iar.init_table    const    0x008322    0xa  - Linker created -
  .near_func.text    ro code  0x00832c   0x19  main.o [1]
  .near_func.text    ro code  0x008345   0x19  main.o [1]
  .near_func.text    ro code  0x00835e   0x19  long.o [4]
  .near_func.text    ro code  0x008377   0x18  main.o [1]
  .near_func.text    ro code  0x00838f   0x14  init.o [4]
  .near_func.text    ro code  0x0083a3   0x14  __dbg_xxexit.o [3]
  .near_func.text    ro code  0x0083b7   0x13  cstartup.o [4]
  .near_func.text    ro code  0x0083ca    0xc  long_util.o [4]
  .near_func.text    ro code  0x0083d6    0x8  short.o [4]
  Initializer bytes  const    0x0083de    0x7  <for P2-1>
  .near_func.text    ro code  0x0083e5    0x5  char.o [4]
  .near_func.text    ro code  0x0083ea    0x5  cexit.o [4]
  .near_func.text    ro code  0x0083ef    0x3  interrupt.o [4]
  .near_func.text    ro code  0x0083f2    0x3  low_level_init.o [4]
  .near_func.text    ro code  0x0083f5    0x3  exit.o [4]
  .near_func.text    ro code  0x0083f8    0x3  unhandled_exception.o [4]
  .near_func.text    ro code  0x0083fb    0x1  __dbg_break.o [3]
                            - 0x0083fc  0x37c


*******************************************************************************
*** INIT TABLE
***

          Address   Size
          -------   ----
Copy (__iar_copy_init2)
    1 source range, total size 0x7:
          0x0083de   0x7
    1 destination range, total size 0x7:
          0x00000c   0x7



*******************************************************************************
*** MODULE SUMMARY
***

    Module                 ro code  ro data  rw data  rw data
                                                       (abs)
    ------                 -------  -------  -------  -------
E:\Sources\GitHub projects\self-routing-ADC\oin v2\Debug\Obj: [1]
    main.o                     639        7        7       25
    ---------------------------------------------------------
    Total:                     639        7        7       25

command line: [2]
    ---------------------------------------------------------
    Total:

dbgstm8smd.a: [3]
    __dbg_break.o                1
    __dbg_xxexit.o              20
    ---------------------------------------------------------
    Total:                      21

dlstm8smn.a: [4]
    cexit.o                      5
    char.o                       5
    cstartup.o                  19
    exit.o                       3
    init.o                      20
    init_small.o                40
    interrupt.o                  3      128
    long.o                      25
    long_util.o                 12
    low_level_init.o             3
    short.o                      8
    unhandled_exception.o        3
    vreg_util.o                 69
    vregs.o                                       12
    ---------------------------------------------------------
    Total:                     215      128       12

    Linker created                       10      256
-------------------------------------------------------------
    Grand Total:               875      145      275       25


*******************************************************************************
*** ENTRY LIST
***

Entry                    Address  Size  Type      Object
-----                    -------  ----  ----      ------
.iar.init_table$$Base   0x008322         --   Gb  - Linker created -
.iar.init_table$$Limit  0x00832c         --   Gb  - Linker created -
?b0                     0x000000        Data  Gb  vregs.o [4]
?b1                     0x000001        Data  Gb  vregs.o [4]
?b10                    0x00000a        Data  Gb  vregs.o [4]
?b11                    0x00000b        Data  Gb  vregs.o [4]
?b2                     0x000002        Data  Gb  vregs.o [4]
?b3                     0x000003        Data  Gb  vregs.o [4]
?b4                     0x000004        Data  Gb  vregs.o [4]
?b5                     0x000005        Data  Gb  vregs.o [4]
?b6                     0x000006        Data  Gb  vregs.o [4]
?b7                     0x000007        Data  Gb  vregs.o [4]
?b8                     0x000008        Data  Gb  vregs.o [4]
?b9                     0x000009        Data  Gb  vregs.o [4]
?dec32_0x_0x            0x008363        Code  Gb  long.o [4]
?dec32_l0_l0            0x00835e        Code  Gb  long.o [4]
?e0                     0x000001        Data  Gb  vregs.o [4]
?e1                     0x000005        Data  Gb  vregs.o [4]
?e2                     0x000009        Data  Gb  vregs.o [4]
?epilogue_w4            0x0082dc        Code  Gb  vreg_util.o [4]
?l0                     0x000000        Data  Gb  vregs.o [4]
?l1                     0x000004        Data  Gb  vregs.o [4]
?l2                     0x000008        Data  Gb  vregs.o [4]
?load32_l0_0x           0x0083ca        Code  Gb  long_util.o [4]
?mov_e0_e1              0x0082e3        Code  Gb  vreg_util.o [4]
?mov_e1_e0              0x0082f0        Code  Gb  vreg_util.o [4]
?mov_l0_l1              0x0082e0        Code  Gb  vreg_util.o [4]
?mov_l1_l0              0x0082ed        Code  Gb  vreg_util.o [4]
?mov_w1_w3              0x0082e6        Code  Gb  vreg_util.o [4]
?mov_w3_w1              0x0082f3        Code  Gb  vreg_util.o [4]
?pop_w4                 0x0082cd        Code  Gb  vreg_util.o [4]
?push_w4                0x0082b5        Code  Gb  vreg_util.o [4]
?sra16_x_x_a            0x0083d6        Code  Gb  short.o [4]
?srl8_a_a_5             0x0083e5        Code  Gb  char.o [4]
?w0                     0x000000        Data  Gb  vregs.o [4]
?w1                     0x000002        Data  Gb  vregs.o [4]
?w2                     0x000004        Data  Gb  vregs.o [4]
?w3                     0x000006        Data  Gb  vregs.o [4]
?w4                     0x000008        Data  Gb  vregs.o [4]
?w5                     0x00000a        Data  Gb  vregs.o [4]
CLK_Init                0x00832c  0x19  Code  Gb  main.o [1]
CLK_PCKENR1             0x0050c7   0x1  Data  Gb  main.o [1]
CLK_PCKENR2             0x0050ca   0x1  Data  Gb  main.o [1]
CSTACK$$Base            0x000300         --   Gb  - Linker created -
CSTACK$$Limit           0x000400         --   Gb  - Linker created -
GPIO_Init               0x008178  0xb1  Code  Gb  main.o [1]
ID                      0x00000c   0x1  Data  Gb  main.o [1]
INTVEC$$Base            0x008000         --   Gb  - Linker created -
INTVEC$$Limit           0x008080         --   Gb  - Linker created -
Region$$Table$$Base     0x008322         --   Gb  - Linker created -
Region$$Table$$Limit    0x00832c         --   Gb  - Linker created -
SetResistor             0x008229  0x8c  Code  Gb  main.o [1]
UART1_BRR1              0x005232   0x1  Data  Gb  main.o [1]
UART1_BRR2              0x005233   0x1  Data  Gb  main.o [1]
UART1_DR                0x005231   0x1  Data  Gb  main.o [1]
UART1_Init              0x008345  0x19  Code  Gb  main.o [1]
_A_CLK_CKDIVR           0x0050c6   0x1  Data  Gb  main.o [1]
_A_PA_CR1               0x005003   0x1  Data  Gb  main.o [1]
_A_PA_CR2               0x005004   0x1  Data  Gb  main.o [1]
_A_PA_DDR               0x005002   0x1  Data  Gb  main.o [1]
_A_PA_ODR               0x005000   0x1  Data  Gb  main.o [1]
_A_PB_CR1               0x005008   0x1  Data  Gb  main.o [1]
_A_PB_CR2               0x005009   0x1  Data  Gb  main.o [1]
_A_PB_DDR               0x005007   0x1  Data  Gb  main.o [1]
_A_PB_ODR               0x005005   0x1  Data  Gb  main.o [1]
_A_PC_CR1               0x00500d   0x1  Data  Gb  main.o [1]
_A_PC_CR2               0x00500e   0x1  Data  Gb  main.o [1]
_A_PC_DDR               0x00500c   0x1  Data  Gb  main.o [1]
_A_PC_ODR               0x00500a   0x1  Data  Gb  main.o [1]
_A_PD_CR1               0x005012   0x1  Data  Gb  main.o [1]
_A_PD_CR2               0x005013   0x1  Data  Gb  main.o [1]
_A_PD_DDR               0x005011   0x1  Data  Gb  main.o [1]
_A_PD_ODR               0x00500f   0x1  Data  Gb  main.o [1]
_A_UART1_CR1            0x005234   0x1  Data  Gb  main.o [1]
_A_UART1_CR2            0x005235   0x1  Data  Gb  main.o [1]
_A_UART1_SR             0x005230   0x1  Data  Gb  main.o [1]
__DebugBreak            0x0083fb   0x1  Code  Gb  __dbg_break.o [3]
__exit                  0x0083a3  0x14  Code  Gb  __dbg_xxexit.o [3]
__iar_copy_init2        0x0082fa        Code  Gb  init_small.o [4]
__iar_data_init2        0x00838f  0x14  Code  Gb  init.o [4]
__iar_program_start     0x0083b7        Code  Gb  cstartup.o [4]
__iar_unhandled_exception
                        0x0083f8        Code  Gb  unhandled_exception.o [4]
__intvec                0x008000        Data  Gb  interrupt.o [4]
__low_level_init        0x0083f2   0x3  Code  Gb  low_level_init.o [4]
_exit                   0x0083ea        Code  Gb  cexit.o [4]
delay                   0x008377  0x18  Code  Lc  main.o [1]
delayTimeRes            0x00000d   0x4  Data  Gb  main.o [1]
exit                    0x0083f5   0x3  Code  Gb  exit.o [4]
main                    0x008080  0xf8  Code  Gb  main.o [1]
mode                    0x000012   0x1  Data  Gb  main.o [1]
state                   0x000011   0x1  Data  Gb  main.o [1]


[1] = E:\Sources\GitHub projects\self-routing-ADC\oin v2\Debug\Obj
[2] = command line
[3] = dbgstm8smd.a
[4] = dlstm8smn.a

  875 bytes of readonly  code memory
  145 bytes of readonly  data memory
  275 bytes of readwrite data memory (+ 25 absolute)

Errors: none
Warnings: none
